[20:14:52] [ServerMain/INFO]: Environment: Environment[sessionHost=https://sessionserver.mojang.com, servicesHost=https://api.minecraftservices.com, profilesHost=https://api.mojang.com, name=PROD]
[20:14:56] [ServerMain/INFO]: Loaded 1470 recipes
[20:14:56] [ServerMain/INFO]: Loaded 1584 advancements
[20:14:56] [Server thread/INFO]: Starting minecraft server version 1.21.11
[20:14:56] [Server thread/INFO]: Loading properties
[20:14:56] [Server thread/INFO]: Default game type: SURVIVAL
[20:14:56] [Server thread/INFO]: Generating keypair
[20:14:57] [Server thread/INFO]: Starting Minecraft server on *:25565
[20:14:57] [Server thread/WARN]: **** SERVER IS RUNNING IN OFFLINE/INSECURE MODE!
[20:14:57] [Server thread/WARN]: The server will make no attempt to authenticate usernames. Beware.
[20:14:57] [Server thread/WARN]: While this makes the game possible to play without internet access, it also opens up the ability for hackers to connect with any username they choose.
[20:14:57] [Server thread/WARN]: To change this, set "online-mode" to "true" in the server.properties file.
[20:14:57] [Server thread/INFO]: Preparing level "world"
[20:14:57] [Server thread/INFO]: Loading 0 persistent chunks...
[20:14:57] [Server thread/INFO]: Preparing spawn area: 100%
[20:14:57] [Server thread/INFO]: Time elapsed: 17 ms
[20:14:57] [Server thread/INFO]: Done (0.626s)! For help, type "help"
[20:15:57] [Server thread/INFO]: Server empty for 60 seconds, pausing
[20:19:39] [Server thread/INFO]: Foluna (69d2a685-adf2-3796-9aa3-08234c501bc1) lost connection: Disconnected
[20:19:39] [Server thread/WARN]: handleDisconnection() called twice
[20:19:42] [Server thread/INFO]: Foluna[/127.62.224.142:33723] logged in with entity id 49 at (-2618.7345269804923, 111.0, -717.8264218892746)
[20:19:42] [Server thread/INFO]: Foluna joined the game
[20:25:39] [Server thread/INFO]: WinterSnaid[/127.170.211.7:36861] logged in with entity id 1218 at (-2622.2192475841994, 111.0, -718.4519274320621)
[20:25:39] [Server thread/INFO]: WinterSnaid joined the game
[20:40:09] [Server thread/INFO]: Foluna lost connection: Disconnected
[20:40:09] [Server thread/INFO]: Foluna left the game
[20:40:50] [Server thread/INFO]: Foluna[/127.62.224.142:44493] logged in with entity id 4572 at (-2627.500538319009, 111.0, -713.1549654601108)
[20:40:50] [Server thread/INFO]: Foluna joined the game
